// Jest Snapshot v1, https://goo.gl/fbAQLP

exports[`AliasesAddForm renders the input form 1`] = `
<div>
  <form>
    <div
      class="mr-1 mb-1 input-group has-validation"
    >
      <input
        class="form-control"
        placeholder="editor.modal.aliases.addAlias"
        required=""
        value=""
      />
      <button
        class="text-secondary ml-2 btn btn-light"
        disabled=""
        title="editor.modal.aliases.addAlias"
        type="submit"
      >
        <i
          class="fa  fa-plus  "
        />
      </button>
    </div>
  </form>
</div>
`;
